<html>
<body>
<pre>
<h1>礦ision Build Log</h1>
<h2>Tool Versions:</h2>
IDE-Version: μVision V5.21.1.0
Copyright (C) 2016 ARM Ltd and ARM Germany GmbH. All rights reserved.
License Information: arya stark, hdu, LIC=S5IBS-LN68A-UJ36I-TA6TN-PK1DC-HNBJM
 
Tool Versions:
Toolchain:       MDK-ARM Professional  Version: 5.21a
Toolchain Path:  C:\Keil_v5\ARM\ARMCC\Bin
C Compiler:      Armcc.exe V5.06 update 3 (build 300)
Assembler:       Armasm.exe V5.06 update 3 (build 300)
Linker/Locator:  ArmLink.exe V5.06 update 3 (build 300)
Library Manager: ArmAr.exe V5.06 update 3 (build 300)
Hex Converter:   FromElf.exe V5.06 update 3 (build 300)
CPU DLL:         SARMCM3.DLL V5.21a
Dialog DLL:      DCM.DLL V1.13.8.0
Target DLL:      STLink\ST-LINKIII-KEIL_SWO.dll V2.0.18.0
Dialog DLL:      TCM.DLL V1.14.14.0
 
<h2>Project:</h2>
D:\STM32project\STM32F4\源码\EMWIN_UI\EMWIN示波器（DAC_DMA输出，ADC_DMA采集 中断有问题）\USER\Template.uvprojx
Project File Date:  04/02/2020

<h2>Output:</h2>
*** Using Compiler 'V5.06 update 3 (build 300)', folder: 'C:\Keil_v5\ARM\ARMCC\Bin'
Build target 'Template'
compiling Oscill_miniDLG.c...
..\EMWIN_DEMO\GUIBulder\Oscill_miniDLG.h(10): warning:  #1-D: last line of file ends without a newline
  #endif
..\EMWIN_DEMO\GUIBulder\Oscill_miniDLG.c(453): warning:  #550-D: variable "hWin" was set but never used
  	WM_HWIN hWin;
..\EMWIN_DEMO\GUIBulder\Oscill_miniDLG.c: 2 warnings, 0 errors
linking...
Program Size: Code=217122 RO-data=41814 RW-data=3780 ZI-data=1054524  
FromELF: creating hex file...
"..\OBJ\Template.axf" - 0 Error(s), 2 Warning(s).

<h2>Collection of Component include folders:</h2>
  D:\STM32project\STM32F4\源码\EMWIN_UI\EMWIN示波器（DAC_DMA输出，ADC_DMA采集 中断有问题）\USER\RTE
  E:\Keil_v5\ARM\PACK\Keil\STM32F4xx_DFP\1.0.8\Device\Include

<h2>Collection of Component Files used:</h2>
Build Time Elapsed:  00:00:02
</pre>
</body>
</html>
